// Jest Snapshot v1, https://goo.gl/fbAQLP

exports[`TimelineLine should match snapshot 1`] = `
<div
  class="absolute top-16 left-16 right-16 h-0.5 bg-stone-300 dark:bg-zinc-700"
/>
`;
