// Jest Snapshot v1, https://goo.gl/fbAQLP

exports[`Header should match snapshot 1`] = `
<header
  class="fixed top-0 w-full z-50 bg-white/80 backdrop-blur-md border-b border-gray-200"
  role="banner"
>
  <div
    class="container mx-auto px-6 py-4"
  >
    <nav
      aria-label="Main navigation"
      class="flex items-center justify-between"
      role="navigation"
    >
      <div
        class="flex items-center"
      >
        <button
          aria-label="Go to home"
          class="text-xl font-bold text-gray-900 hover:text-blue-600 transition-colors"
          type="button"
        >
          FM
        </button>
      </div>
      <div
        class="hidden md:flex items-center space-x-8"
      >
        <button
          aria-label="Go to Home section"
          class="text-sm font-medium transition-colors hover:text-blue-600 text-blue-600"
          type="button"
        >
          Home
        </button>
        <button
          aria-label="Go to About section"
          class="text-sm font-medium transition-colors hover:text-blue-600 text-gray-700"
          type="button"
        >
          About
        </button>
        <button
          aria-label="Go to Experience section"
          class="text-sm font-medium transition-colors hover:text-blue-600 text-gray-700"
          type="button"
        >
          Experience
        </button>
        <button
          aria-label="Go to Contact section"
          class="text-sm font-medium transition-colors hover:text-blue-600 text-gray-700"
          type="button"
        >
          Contact
        </button>
      </div>
      <div
        class="flex items-center space-x-4"
      >
        <div
          class="flex items-center space-x-2"
        >
          <button
            aria-label="Switch to English"
            class="text-sm font-medium px-2 py-1 rounded transition-colors bg-blue-600 text-white"
            type="button"
          >
            EN
          </button>
          <button
            aria-label="Switch to Spanish"
            class="text-sm font-medium px-2 py-1 rounded transition-colors text-gray-700 hover:text-blue-600"
            type="button"
          >
            ES
          </button>
        </div>
        <button
          aria-expanded="false"
          aria-label="Open mobile menu"
          class="md:hidden p-2 text-gray-700 hover:text-blue-600 transition-colors"
          type="button"
        >
          <svg
            class="w-6 h-6"
            fill="none"
            stroke="currentColor"
            stroke-linecap="round"
            stroke-linejoin="round"
            stroke-width="2"
            viewBox="0 0 24 24"
          >
            <path
              d="M4 6h16M4 12h16M4 18h16"
            />
          </svg>
        </button>
      </div>
    </nav>
  </div>
</header>
`;
