// Jest Snapshot v1, https://goo.gl/fbAQLP

exports[`ExperienceDetails should match snapshot 1`] = `
<div
  class="flex-1 max-w-4xl mx-auto w-full"
>
  <div
    class="bg-white rounded-2xl p-6 lg:p-8 shadow-lg h-full flex flex-col transition-all duration-300"
  >
    <div
      data-testid="experience-details-header"
    >
      Test Company
       - 
      test.position
       - 
      test.duration
    </div>
    <div
      class="flex-1"
    >
      <div
        data-testid="experience-details-description"
      >
        exp-1
        : 
        desc1, desc2, desc3
      </div>
      <div
        data-testid="experience-details-technologies"
      >
        exp-1
        : 
        React, TypeScript, Node.js
      </div>
    </div>
  </div>
</div>
`;
