// Jest Snapshot v1, https://goo.gl/fbAQLP

exports[`ThemeToggle should match snapshot in light mode 1`] = `
<button
  aria-label="Switch to dark mode"
  class="flex items-center justify-center w-10 h-10 rounded-lg bg-stone-50 hover:bg-stone-100 border border-stone-200 dark:bg-zinc-900 dark:hover:bg-zinc-800 dark:border-zinc-700 transition-colors duration-200"
  title="Switch to dark mode"
>
  <svg
    class="w-5 h-5 text-stone-600 dark:text-green-200"
    fill="currentColor"
    viewBox="0 0 20 20"
    xmlns="http://www.w3.org/2000/svg"
  >
    <path
      d="M17.293 13.293A8 8 0 016.707 2.707a8.001 8.001 0 1010.586 10.586z"
    />
  </svg>
</button>
`;
